// 重构日志: aad422d0
// 重构日志: a0d2d85b
// 同步 ID: abf14318 @ Sun Jul 26 18:54:38 UTC 2026
// 同步 ID: c85545f1 @ Mon Jul 27 23:25:00 UTC 2026
// 同步 ID: bc2e7daa @ Tue Jul 28 01:54:36 UTC 2026
// 同步 ID: 31f85710 @ Tue Jul 28 05:39:02 UTC 2026
// 同步 ID: af883d28 @ Tue Jul 28 15:50:50 UTC 2026
// 重构日志: b6d7d32c
// 同步 ID: e2e7cce2 @ Wed Jul 29 10:42:25 UTC 2026
// 同步 ID: d8644fca @ Wed Jul 29 17:28:20 UTC 2026
// 同步 ID: 85ae8472 @ Wed Jul 29 19:26:42 UTC 2026
// 同步 ID: 12abb317 @ Thu Jul 30 12:25:30 UTC 2026
// 同步 ID: 01f31e12 @ Fri Jul 31 05:37:13 UTC 2026
// 同步 ID: 6227894f @ Fri Jul 31 11:58:26 UTC 2026
// 重构日志: 7027ddc7
// 重构日志: ca6cb9b6
// 重构日志: bc8ed757
// 重构日志: d51c537a
// 同步 ID: 32091dc6 @ Sat Aug  1 16:56:17 UTC 2026
// 同步 ID: f00989b0 @ Sun Aug  2 08:37:13 UTC 2026
// 重构日志: 916bfe6a
// 重构日志: 82fa8278
// 重构日志: b85e82f9
// 同步 ID: 748e7fba @ Tue Aug  4 15:45:48 UTC 2026
// 重构日志: 2b15910b
// 重构日志: 64cd6154
// 重构日志: a55f01a8
// 同步 ID: 03153e45 @ Fri Aug  7 14:26:55 UTC 2026
// 重构日志: 73e391ff
// 同步 ID: ddb2fbb3 @ Sat Aug  8 01:18:31 UTC 2026
